  Determinando los proyectos que se van a restaurar...
  Todos los proyectos est├ín actualizados para la restauraci├│n.
  Core -> C:\Users\mari_\OneDrive\Escritorio\t\Indumentaria-SaaS\backend\src\Core\bin\Debug\net9.0\Core.dll
C:\Users\mari_\OneDrive\Escritorio\t\Indumentaria-SaaS\backend\src\Application\Features\Catalog\Commands\ImportarCatalogoFerreteriaCommand.cs(82,35): error CS0266: No se puede convertir impl├¡citamente el tipo 'System.Guid?' en 'System.Guid'. Ya existe una conversi├│n expl├¡cita (compruebe si le falta una conversi├│n) [C:\Users\mari_\OneDrive\Escritorio\t\Indumentaria-SaaS\backend\src\Application\Application.csproj]
C:\Users\mari_\OneDrive\Escritorio\t\Indumentaria-SaaS\backend\src\Application\Features\Catalog\Commands\ImportarCatalogoFerreteriaCommand.cs(83,36): error CS0029: No se puede convertir impl├¡citamente el tipo 'string' en 'Core.Enums.TipoProducto' [C:\Users\mari_\OneDrive\Escritorio\t\Indumentaria-SaaS\backend\src\Application\Application.csproj]
C:\Users\mari_\OneDrive\Escritorio\t\Indumentaria-SaaS\backend\src\Application\Features\Catalog\Commands\ImportarCatalogoFerreteriaCommand.cs(120,35): error CS0266: No se puede convertir impl├¡citamente el tipo 'decimal' en 'int'. Ya existe una conversi├│n expl├¡cita (compruebe si le falta una conversi├│n) [C:\Users\mari_\OneDrive\Escritorio\t\Indumentaria-SaaS\backend\src\Application\Application.csproj]
C:\Users\mari_\OneDrive\Escritorio\t\Indumentaria-SaaS\backend\src\Application\Features\Catalog\Commands\ImportarCatalogoFerreteriaCommand.cs(80,35): warning CS8601: Posible asignaci├│n de referencia nula. [C:\Users\mari_\OneDrive\Escritorio\t\Indumentaria-SaaS\backend\src\Application\Application.csproj]
C:\Users\mari_\OneDrive\Escritorio\t\Indumentaria-SaaS\backend\src\Application\Features\Catalog\Commands\ImportarCatalogoFerreteriaCommand.cs(82,35): warning CS8629: Un tipo que acepta valores NULL puede ser nulo. [C:\Users\mari_\OneDrive\Escritorio\t\Indumentaria-SaaS\backend\src\Application\Application.csproj]
C:\Users\mari_\OneDrive\Escritorio\t\Indumentaria-SaaS\backend\src\Application\Features\Catalog\Commands\ImportarCatalogoFerreteriaCommand.cs(84,29): warning CS8601: Posible asignaci├│n de referencia nula. [C:\Users\mari_\OneDrive\Escritorio\t\Indumentaria-SaaS\backend\src\Application\Application.csproj]
C:\Users\mari_\OneDrive\Escritorio\t\Indumentaria-SaaS\backend\src\Application\Features\Arqueo\Commands\CerrarCajaCommand.cs(43,37): warning EF1002: Method 'ExecuteSqlRawAsync' inserts interpolated strings directly into the SQL, without any protection against SQL injection. Consider using 'ExecuteSqlAsync' instead, which protects against SQL injection, or make sure that the value is sanitized and suppress the warning. [C:\Users\mari_\OneDrive\Escritorio\t\Indumentaria-SaaS\backend\src\Application\Application.csproj]

ERROR al compilar.

C:\Users\mari_\OneDrive\Escritorio\t\Indumentaria-SaaS\backend\src\Application\Features\Catalog\Commands\ImportarCatalogoFerreteriaCommand.cs(80,35): warning CS8601: Posible asignaci├│n de referencia nula. [C:\Users\mari_\OneDrive\Escritorio\t\Indumentaria-SaaS\backend\src\Application\Application.csproj]
C:\Users\mari_\OneDrive\Escritorio\t\Indumentaria-SaaS\backend\src\Application\Features\Catalog\Commands\ImportarCatalogoFerreteriaCommand.cs(82,35): warning CS8629: Un tipo que acepta valores NULL puede ser nulo. [C:\Users\mari_\OneDrive\Escritorio\t\Indumentaria-SaaS\backend\src\Application\Application.csproj]
C:\Users\mari_\OneDrive\Escritorio\t\Indumentaria-SaaS\backend\src\Application\Features\Catalog\Commands\ImportarCatalogoFerreteriaCommand.cs(84,29): warning CS8601: Posible asignaci├│n de referencia nula. [C:\Users\mari_\OneDrive\Escritorio\t\Indumentaria-SaaS\backend\src\Application\Application.csproj]
C:\Users\mari_\OneDrive\Escritorio\t\Indumentaria-SaaS\backend\src\Application\Features\Arqueo\Commands\CerrarCajaCommand.cs(43,37): warning EF1002: Method 'ExecuteSqlRawAsync' inserts interpolated strings directly into the SQL, without any protection against SQL injection. Consider using 'ExecuteSqlAsync' instead, which protects against SQL injection, or make sure that the value is sanitized and suppress the warning. [C:\Users\mari_\OneDrive\Escritorio\t\Indumentaria-SaaS\backend\src\Application\Application.csproj]
C:\Users\mari_\OneDrive\Escritorio\t\Indumentaria-SaaS\backend\src\Application\Features\Catalog\Commands\ImportarCatalogoFerreteriaCommand.cs(82,35): error CS0266: No se puede convertir impl├¡citamente el tipo 'System.Guid?' en 'System.Guid'. Ya existe una conversi├│n expl├¡cita (compruebe si le falta una conversi├│n) [C:\Users\mari_\OneDrive\Escritorio\t\Indumentaria-SaaS\backend\src\Application\Application.csproj]
C:\Users\mari_\OneDrive\Escritorio\t\Indumentaria-SaaS\backend\src\Application\Features\Catalog\Commands\ImportarCatalogoFerreteriaCommand.cs(83,36): error CS0029: No se puede convertir impl├¡citamente el tipo 'string' en 'Core.Enums.TipoProducto' [C:\Users\mari_\OneDrive\Escritorio\t\Indumentaria-SaaS\backend\src\Application\Application.csproj]
C:\Users\mari_\OneDrive\Escritorio\t\Indumentaria-SaaS\backend\src\Application\Features\Catalog\Commands\ImportarCatalogoFerreteriaCommand.cs(120,35): error CS0266: No se puede convertir impl├¡citamente el tipo 'decimal' en 'int'. Ya existe una conversi├│n expl├¡cita (compruebe si le falta una conversi├│n) [C:\Users\mari_\OneDrive\Escritorio\t\Indumentaria-SaaS\backend\src\Application\Application.csproj]
    4 Advertencia(s)
    3 Errores

Tiempo transcurrido 00:00:02.33
