﻿  Determinando los proyectos que se van a restaurar...
  Todos los proyectos est├ín actualizados para la restauraci├│n.
  Core.UnitTests -> C:\Users\mari_\OneDrive\Escritorio\Indumentaria-SaaS\backend\tests\Core.UnitTests\bin\Debug\net9.0\Core.UnitTests.dll
  Application.UnitTests -> C:\Users\mari_\OneDrive\Escritorio\Indumentaria-SaaS\backend\tests\Application.UnitTests\bin\Debug\net9.0\Application.UnitTests.dll
  Core -> C:\Users\mari_\OneDrive\Escritorio\Indumentaria-SaaS\backend\src\Core\bin\Debug\net9.0\Core.dll
C:\Users\mari_\OneDrive\Escritorio\Indumentaria-SaaS\backend\src\Application\Features\CRM\Queries\ObtenerClientesQuery.cs(62,24): error CS0411: Los argumentos de tipo para el m├®todo 'Enumerable.GroupBy<TSource, TKey>(IEnumerable<TSource>, Func<TSource, TKey>)' no se pueden inferir a partir del uso. Pruebe a especificar los argumentos de tipo expl├¡citamente. [C:\Users\mari_\OneDrive\Escritorio\Indumentaria-SaaS\backend\src\Application\Application.csproj]

ERROR al compilar.

C:\Users\mari_\OneDrive\Escritorio\Indumentaria-SaaS\backend\src\Application\Features\CRM\Queries\ObtenerClientesQuery.cs(62,24): error CS0411: Los argumentos de tipo para el m├®todo 'Enumerable.GroupBy<TSource, TKey>(IEnumerable<TSource>, Func<TSource, TKey>)' no se pueden inferir a partir del uso. Pruebe a especificar los argumentos de tipo expl├¡citamente. [C:\Users\mari_\OneDrive\Escritorio\Indumentaria-SaaS\backend\src\Application\Application.csproj]
    0 Advertencia(s)
    1 Errores

Tiempo transcurrido 00:00:04.83
