  Determinando los proyectos que se van a restaurar...
